
C:\Users\k023g\source\repos\TD4-1-Clone\Project\Externals\ImGui\ImGui.vcxproj(24,3): error MSB4019: インポートされたプロジェクト "C:\Program Files\JetBrains\JetBrains Rider 2025.1.4\tools\MSBuild\Microsoft\VC\v170\Microsoft.Cpp.Default.props" が見つかりませんでした。"C:\Program Files\JetBrains\JetBrains Rider 2025.1.4\tools\MSBuild\Microsoft\VC\v170\\Microsoft.Cpp.Default.props" に評価された Import 宣言 "$(VCTargetsPath)\Microsoft.Cpp.Default.props" の式が正しいことと、ファイルがディスク上に存在することを確認してください。
C:\Users\k023g\source\repos\TD4-1-Clone\Project\Externals\DirectXTex\DirectXTex.vcxproj(24,3): error MSB4019: インポートされたプロジェクト "C:\Program Files\JetBrains\JetBrains Rider 2025.1.4\tools\MSBuild\Microsoft\VC\v170\Microsoft.Cpp.Default.props" が見つかりませんでした。"C:\Program Files\JetBrains\JetBrains Rider 2025.1.4\tools\MSBuild\Microsoft\VC\v170\\Microsoft.Cpp.Default.props" に評価された Import 宣言 "$(VCTargetsPath)\Microsoft.Cpp.Default.props" の式が正しいことと、ファイルがディスク上に存在することを確認してください。
